Flow report for PROYECT_FINAL
Fri Dec 04 21:28:05 2015
Quartus II 64-Bit Version 15.0.0 Build 145 04/22/2015 Patches 0.01we SJ Web Edition


---------------------
; Table of Contents ;
---------------------
  1. Legal Notice
  2. Flow Summary
  3. Flow Settings
  4. Flow Non-Default Global Settings
  5. Flow Elapsed Time
  6. Flow OS Summary
  7. Flow Log
  8. Flow Messages
  9. Flow Suppressed Messages



----------------
; Legal Notice ;
----------------
Copyright (C) 1991-2015 Altera Corporation. All rights reserved.
Your use of Altera Corporation's design tools, logic functions 
and other software and tools, and its AMPP partner logic 
functions, and any output files from any of the foregoing 
(including device programming or simulation files), and any 
associated documentation or information are expressly subject 
to the terms and conditions of the Altera Program License 
Subscription Agreement, the Altera Quartus II License Agreement,
the Altera MegaCore Function License Agreement, or other 
applicable license agreement, including, without limitation, 
that your use is for the sole purpose of programming logic 
devices manufactured by Altera and sold by Altera or its 
authorized distributors.  Please refer to the applicable 
agreement for further details.



+------------------------------------------------------------------------------------------------+
; Flow Summary                                                                                   ;
+------------------------------------+-----------------------------------------------------------+
; Flow Status                        ; Successful - Fri Dec 04 21:28:05 2015                     ;
; Quartus II 64-Bit Version          ; 15.0.0 Build 145 04/22/2015 Patches 0.01we SJ Web Edition ;
; Revision Name                      ; PROYECT_FINAL                                             ;
; Top-level Entity Name              ; PROYECT_FINAL                                             ;
; Family                             ; Cyclone IV E                                              ;
; Device                             ; EP4CE22F17C6                                              ;
; Timing Models                      ; Final                                                     ;
; Total logic elements               ; 10,489 / 22,320 ( 47 % )                                  ;
;     Total combinational functions  ; 7,885 / 22,320 ( 35 % )                                   ;
;     Dedicated logic registers      ; 7,520 / 22,320 ( 34 % )                                   ;
; Total registers                    ; 7589                                                      ;
; Total pins                         ; 144 / 154 ( 94 % )                                        ;
; Total virtual pins                 ; 0                                                         ;
; Total memory bits                  ; 161,024 / 608,256 ( 26 % )                                ;
; Embedded Multiplier 9-bit elements ; 28 / 132 ( 21 % )                                         ;
; Total PLLs                         ; 2 / 4 ( 50 % )                                            ;
+------------------------------------+-----------------------------------------------------------+


+-----------------------------------------+
; Flow Settings                           ;
+-------------------+---------------------+
; Option            ; Setting             ;
+-------------------+---------------------+
; Start date & time ; 12/04/2015 21:11:30 ;
; Main task         ; Compilation         ;
; Revision Name     ; PROYECT_FINAL       ;
+-------------------+---------------------+


+-------------------------------------------------------------------------------------------------------------+
; Flow Non-Default Global Settings                                                                            ;
+-------------------------------------+----------------------------+---------------+-------------+------------+
; Assignment Name                     ; Value                      ; Default Value ; Entity Name ; Section Id ;
+-------------------------------------+----------------------------+---------------+-------------+------------+
; COMPILER_SIGNATURE_ID               ; 2161449570.144929228907552 ; --            ; --          ; --         ;
; MISC_FILE                           ; pll_inst.v                 ; --            ; --          ; --         ;
; MISC_FILE                           ; pll_bb.v                   ; --            ; --          ; --         ;
; MISC_FILE                           ; pll.ppf                    ; --            ; --          ; --         ;
; MISC_FILE                           ; pllnesl_inst.v             ; --            ; --          ; --         ;
; MISC_FILE                           ; pllnesl_bb.v               ; --            ; --          ; --         ;
; MISC_FILE                           ; pllnesl.ppf                ; --            ; --          ; --         ;
; PARTITION_COLOR                     ; 16764057                   ; --            ; --          ; Top        ;
; PARTITION_FITTER_PRESERVATION_LEVEL ; PLACEMENT_AND_ROUTING      ; --            ; --          ; Top        ;
; PARTITION_NETLIST_TYPE              ; SOURCE                     ; --            ; --          ; Top        ;
+-------------------------------------+----------------------------+---------------+-------------+------------+


+--------------------------------------------------------------------------------------------------------------------------+
; Flow Elapsed Time                                                                                                        ;
+----------------------+--------------+-------------------------+---------------------+------------------------------------+
; Module Name          ; Elapsed Time ; Average Processors Used ; Peak Virtual Memory ; Total CPU Time (on all processors) ;
+----------------------+--------------+-------------------------+---------------------+------------------------------------+
; Analysis & Synthesis ; 00:09:06     ; 1.0                     ; 1170 MB             ; 00:12:09                           ;
; Fitter               ; 00:06:25     ; 1.5                     ; 1438 MB             ; 00:07:18                           ;
; Assembler            ; 00:00:15     ; 1.0                     ; 654 MB              ; 00:00:12                           ;
; Total                ; 00:15:46     ; --                      ; --                  ; 00:19:39                           ;
+----------------------+--------------+-------------------------+---------------------+------------------------------------+


+-----------------------------------------------------------------------------------+
; Flow OS Summary                                                                   ;
+----------------------+------------------+-----------+------------+----------------+
; Module Name          ; Machine Hostname ; OS Name   ; OS Version ; Processor type ;
+----------------------+------------------+-----------+------------+----------------+
; Analysis & Synthesis ; Adrizcorp-PC     ; Windows 7 ; 6.1        ; x86_64         ;
; Fitter               ; Adrizcorp-PC     ; Windows 7 ; 6.1        ; x86_64         ;
; Assembler            ; Adrizcorp-PC     ; Windows 7 ; 6.1        ; x86_64         ;
+----------------------+------------------+-----------+------------+----------------+


------------
; Flow Log ;
------------
quartus_map --read_settings_files=on --write_settings_files=off PROYECT_FINAL -c PROYECT_FINAL
quartus_fit --read_settings_files=off --write_settings_files=off PROYECT_FINAL -c PROYECT_FINAL
quartus_asm --read_settings_files=off --write_settings_files=off PROYECT_FINAL -c PROYECT_FINAL



